// Jest Snapshot v1, https://goo.gl/fbAQLP

exports[`Home page matches snapshot 1`] = `
<DocumentFragment>
  <div
    class="MuiContainer-root MuiContainer-maxWidthSm"
  >
    <div
      class="MuiBox-root MuiBox-root-1"
    >
      <h1
        class="MuiTypography-root MuiTypography-h4 MuiTypography-gutterBottom"
      >
        Decentramall
      </h1>
    </div>
  </div>
</DocumentFragment>
`;
