// Jest Snapshot v1, https://goo.gl/fbAQLP

exports[`Home page matches snapshot 1`] = `
<DocumentFragment>
  <div
    class="makeStyles-storeContainer-1"
  >
    <div
      class="makeStyles-store-2"
    >
      <a
        href="space"
      >
        <img
          src="images/spaces/space-1.png"
        />
      </a>
    </div>
    <div
      class="makeStyles-store-2"
    >
      <a
        href="space"
      >
        <img
          src="images/spaces/space-2.png"
        />
      </a>
    </div>
    <div
      class="makeStyles-store-2"
    >
      <a
        href="space"
      >
        <img
          src="images/spaces/space-3.png"
        />
      </a>
    </div>
    <div
      class="makeStyles-store-2"
    >
      <a
        href="space"
      >
        <img
          src="images/spaces/space-4.png"
        />
      </a>
    </div>
    <div
      class="makeStyles-store-2"
    >
      <a
        href="space"
      >
        <img
          src="images/spaces/space-5.png"
        />
      </a>
    </div>
    <div
      class="makeStyles-store-2"
    >
      <a
        href="space"
      >
        <img
          src="images/spaces/space-6.png"
        />
      </a>
    </div>
    <div
      class="makeStyles-store-2"
    >
      <a
        href="space"
      >
        <img
          src="images/spaces/space-7.png"
        />
      </a>
    </div>
    <div
      class="makeStyles-store-2"
    >
      <a
        href="space"
      >
        <img
          src="images/spaces/space-8.png"
        />
      </a>
    </div>
    <div
      class="makeStyles-store-2"
    >
      <a
        href="space"
      >
        <img
          src="images/spaces/space-9.png"
        />
      </a>
    </div>
    <div
      class="makeStyles-store-2"
    >
      <a
        href="space"
      >
        <img
          src="images/spaces/space-10.png"
        />
      </a>
    </div>
    <div
      class="makeStyles-store-2"
    >
      <a
        href="space"
      >
        <img
          src="images/spaces/space-11.png"
        />
      </a>
    </div>
    <div
      class="makeStyles-store-2"
    >
      <a
        href="space"
      >
        <img
          src="images/spaces/space-12.png"
        />
      </a>
    </div>
    <div
      class="makeStyles-logo-3"
    >
      <img
        src="images/logo.png"
      />
    </div>
    <div
      class="makeStyles-store-2"
    >
      <a
        href="space"
      >
        <img
          src="images/spaces/space-13.png"
        />
      </a>
    </div>
    <div
      class="makeStyles-store-2"
    >
      <a
        href="space"
      >
        <img
          src="images/spaces/space-14.png"
        />
      </a>
    </div>
    <div
      class="makeStyles-store-2"
    >
      <a
        href="space"
      >
        <img
          src="images/spaces/space-15.png"
        />
      </a>
    </div>
    <div
      class="makeStyles-store-2"
    >
      <a
        href="space"
      >
        <img
          src="images/spaces/space-16.png"
        />
      </a>
    </div>
    <div
      class="makeStyles-store-2"
    >
      <a
        href="space"
      >
        <img
          src="images/spaces/space-17.png"
        />
      </a>
    </div>
    <div
      class="makeStyles-store-2"
    >
      <a
        href="space"
      >
        <img
          src="images/spaces/space-18.png"
        />
      </a>
    </div>
    <div
      class="makeStyles-store-2"
    >
      <a
        href="space"
      >
        <img
          src="images/spaces/space-19.png"
        />
      </a>
    </div>
    <div
      class="makeStyles-store-2"
    >
      <a
        href="space"
      >
        <img
          src="images/spaces/space-20.png"
        />
      </a>
    </div>
    <div
      class="makeStyles-store-2"
    >
      <a
        href="space"
      >
        <img
          src="images/spaces/space-21.png"
        />
      </a>
    </div>
    <div
      class="makeStyles-store-2"
    >
      <a
        href="space"
      >
        <img
          src="images/spaces/space-22.png"
        />
      </a>
    </div>
    <div
      class="makeStyles-store-2"
    >
      <a
        href="space"
      >
        <img
          src="images/spaces/space-23.png"
        />
      </a>
    </div>
    <div
      class="makeStyles-store-2"
    >
      <a
        href="space"
      >
        <img
          src="images/spaces/space-24.png"
        />
      </a>
    </div>
    <div
      class="makeStyles-store-2"
    >
      <a
        href="space"
      >
        <img
          src="images/spaces/space-25.png"
        />
      </a>
    </div>
    <div
      class="makeStyles-store-2"
    >
      <a
        href="space"
      >
        <img
          src="images/spaces/space-26.png"
        />
      </a>
    </div>
    <div
      class="makeStyles-store-2"
    >
      <a
        href="space"
      >
        <img
          src="images/spaces/space-27.png"
        />
      </a>
    </div>
  </div>
</DocumentFragment>
`;
